[GET] http://config.gp2040-ce.info/api/getFirmwareVersion => [200] OK
[GET] http://config.gp2040-ce.info/api/getMemoryReport => [200] OK
[GET] https://api.github.com/repos/OpenStickCommunity/GP2040-CE/releases/latest => [200] 
[GET] http://config.gp2040-ce.info/api/getUsedPins => [200] OK
[GET] http://config.gp2040-ce.info/api/getExpansionPins => [200] OK
[GET] http://config.gp2040-ce.info/api/getHETriggerCalibrations => [200] OK
[GET] http://config.gp2040-ce.info/api/getPeripheralOptions => [200] OK
[GET] http://config.gp2040-ce.info/api/getFirmwareVersion => [200] OK
[GET] http://config.gp2040-ce.info/api/getMemoryReport => [200] OK
[GET] https://api.github.com/repos/OpenStickCommunity/GP2040-CE/releases/latest => [200] 
[GET] http://config.gp2040-ce.info/api/getUsedPins => [200] OK
[GET] http://config.gp2040-ce.info/api/getExpansionPins => [200] OK
[GET] http://config.gp2040-ce.info/api/getHETriggerCalibrations => [200] OK
[GET] http://config.gp2040-ce.info/api/getPeripheralOptions => [200] OK
[GET] http://config.gp2040-ce.info/api/getPeripheralOptions => [200] OK
[GET] http://config.gp2040-ce.info/api/getWiiControls => [200] OK
[GET] http://config.gp2040-ce.info/api/getExpansionPins => [200] OK
[GET] http://config.gp2040-ce.info/api/getReactiveLEDs => [200] OK
[GET] http://config.gp2040-ce.info/api/getHETriggerCalibrations => [200] OK
[GET] http://config.gp2040-ce.info/api/getAddonsOptions => [200] OK
[GET] http://config.gp2040-ce.info/api/getPeripheralOptions => [200] OK
[POST] http://config.gp2040-ce.info/api/setAddonsOptions => [200] OK
[GET] http://config.gp2040-ce.info/api/getUsedPins => [200] OK
[GET] http://config.gp2040-ce.info/api/getPeripheralOptions => [200] OK
[GET] http://config.gp2040-ce.info/api/getAddonsOptions => [200] OK
[POST] http://config.gp2040-ce.info/api/setAddonsOptions => [200] OK
[GET] http://config.gp2040-ce.info/api/getUsedPins => [200] OK
[GET] http://config.gp2040-ce.info/api/getPeripheralOptions => [200] OK
[GET] http://config.gp2040-ce.info/api/getGamepadOptions => [200] OK
[GET] http://config.gp2040-ce.info/api/getPinMappings => [200] OK
[GET] http://config.gp2040-ce.info/api/getPeripheralOptions => [200] OK
[GET] http://config.gp2040-ce.info/api/getKeyMappings => [200] OK
[GET] http://config.gp2040-ce.info/api/getProfileOptions => [200] OK
[POST] http://config.gp2040-ce.info/api/setGamepadOptions => [200] OK